---
source: libs/ratagit-ui/tests/snapshots.rs
expression: "render_terminal_text(&state, TerminalSize { width: 120, height: 40, },)"
---
┌ Files * ──────────────────────────────┐┌ Details ────────────────────────────────────────────────────────────────────┐
│>   [ ] Cargo.toml (both modified)     ││  current=Files                                                              │
│    [-] src/                           ││  file=Cargo.toml (both modified)                                            │
│      [ ] conflict.rs (both modified)  ││  targets=1                                                                  │
│                                       ││  staged=no                                                                  │
│                                       ││  summary=staged: 0, unstaged: 2 (conflict)                                  │
│                                       ││                                                                             │
│                                       ││                                                                             │
│                                       ││                                                                             │
└───────────────────────────────────────┘│                                                                             │
┌ Branches ─────────────────────────────┐│                                                                             │
│> * main                               ││                                                                             │
│    feature/mvp                        ││                                                                             │
│                                       ││                                                                             │
│                                       ││                                                                             │
│                                       ││                                                                             │
│                                       ││                                                                             │
│                                       ││                                                                             │
└───────────────────────────────────────┘│                                                                             │
┌ Commits ──────────────────────────────┐│                                                                             │
│> abc1234 init project                 ││                                                                             │
│  def5678 wire commands                ││                                                                             │
│  draft=                               ││                                                                             │
│                                       ││                                                                             │
│                                       ││                                                                             │
│                                       │└─────────────────────────────────────────────────────────────────────────────┘
│                                       │┌ Log ────────────────────────────────────────────────────────────────────────┐
│                                       ││  error=<none>                                                               │
│                                       ││  notice=Ready                                                               │
└───────────────────────────────────────┘│                                                                             │
┌ Stash ────────────────────────────────┐│                                                                             │
│> stash@{0} WIP on main: local test    ││                                                                             │
│                                       ││                                                                             │
│                                       ││                                                                             │
│                                       ││                                                                             │
│                                       ││                                                                             │
└───────────────────────────────────────┘└─────────────────────────────────────────────────────────────────────────────┘
┌ Keys ────────────────────────────────────────────────────────────────────────────────────────────────────────────────┐
│keys(files): space stage/unstage | s stash | v multi | enter expand | / search                                        │
└──────────────────────────────────────────────────────────────────────────────────────────────────────────────────────┘
