---
source: libs/ratagit-ui/tests/snapshots.rs
expression: "render_terminal_text(&state, TerminalSize { width: 100, height: 30, },)"
---
╭ 1  󰈙 Files ────────────────────╮ 5   Details ───────────────────────────────────────────────────╮
│    README.md                  │  ### unstaged                                                   │
│    src/                       │  diff --git a/README.md b/README.md                             │
│      lib.rs                   │  @@ -1 +1 @@                                                    │
│      main.rs                  │  -old README.md                                                 │
│                                │  +new README.md                                                 │
│                                │                                                                 │
│                                │                                                                 │
│             ┌ Discard Changes ─────────────────────────────────────────────────────┐             │
│             │ Discard selected file changes?                                       │             │
╰─────────────│ Targets: 1 file                                                      │             │
│ 2   Branche│ - README.md                                                          │             │
│ main       │                                                                      │             │
│  feature/mvp│                                                                      │             │
│             │                                                                      │             │
│             │                                                                      │             │
│             │ This removes tracked changes and deletes untracked targets.          │             │
│             │                                                                      │             │
╰─────────────│ Enter discard  |  Esc cancel                                         │             │
│ 3   Commits└──────────────────────────────────────────────────────────────────────┘─────────────╯
│●  abc1234  RT  init project    │ 6  󰌱 Log                                                        │
│●  def5678  RT  wire commands   │  notice=Ready                                                   │
│                                │                                                                 │
│                                │                                                                 │
│                                │                                                                 │
╰────────────────────────────────╯                                                                 │
│ 4   Stash                     │                                                                 │
│ stash@{0} WIP on main: local t│                                                                 │
╰────────────────────────────────╯─────────────────────────────────────────────────────────────────╯
 Enter  confirm   Esc  cancel
