---
source: libs/ratagit-ui/tests/snapshots.rs
expression: "render_terminal_text(&state, TerminalSize { width: 100, height: 30, },)"
---
╭ 1  󰈙 Files ────────────────────╮ 5   Details ───────────────────────────────────────────────────╮
│   ? README.md                  │  * commit abc1234                                               │
│    src/                       │  Author: ratagit-tests <ratagit-tests@example.com>              │
│     M lib.rs                   │                                                                 │
│     M main.rs     ╭ ‼ Delete Branch ─────────────────────────────────────────╮                   │
│                   │ Target: feature/mvp                                      │                   │
│                   │ ╭ Choice ──────────────────────────────────────────────╮ │                   │
│                   │ │▌ delete local                                        │ │                   │
│                   │ │  delete remote                                       │ │                   │
│                   │ │  delete local and remote                             │ │                   │
╰───────────────────│ ╰──────────────────────────────────────────────────────╯ │                   │
╭ 2   Branches ────│ Description                                              │                   │
│ main             │ Delete the selected local branch with `git branch -d`.   │                   │
│  feature/mvp      │                                                          │                   │
│                   │ ──────────────────────────────────────────────────────── │                   │
│                   │ j/k select  Enter delete  Esc cancel                     │                   │
│                   ╰──────────────────────────────────────────────────────────╯                   │
│                                │                                                                 │
╰────────────────────────────────╯                                                                 │
│ 3   Commits                   │─────────────────────────────────────────────────────────────────╯
│●  abc1234  RT  init project    │ 6  󰌱 Log                                                        │
│●  def5678  RT  wire commands   │  notice=Ready                                                   │
│                                │                                                                 │
│                                │                                                                 │
│                                │                                                                 │
╰────────────────────────────────╯                                                                 │
│ 4   Stash                     │                                                                 │
│ stash@{0} WIP on main: local t│                                                                 │
╰────────────────────────────────╯─────────────────────────────────────────────────────────────────╯
 j/k  select   Enter  delete   Esc  cancel
