---
source: libs/ratagit-ui/tests/snapshots.rs
assertion_line: 605
expression: "render_terminal_text(&state, TerminalSize { width: 100, height: 30, },)"
---
╭ 1  󰈙 Files ────────────────────╮ 5   Details ───────────────────────────────────────────────────╮
│   ? README.md                  │  diff --git a/src b/src                                         │
│    src/                       │  @@ -1 +1 @@                                                    │
│     M lib.rs                   │  -old src                                                       │
│     M main.rs                  │  +new src                                                       │
│                                │                                                                 │
│                                │                                                                 │
│                                │                                                                 │
│                                │                                                                 │
│                                │                                                                 │
╰────────────────────────────────╯                                                                 │
│ 2   Branches                  │                                                                 │
│ main                          │                                                                 │
│  feature/mvp                   │                                                                 │
│                                │                                                                 │
│                                │                                                                 │
│                                │                                                                 │
│                                │                                                                 │
╰────────────────────────────────╯                                                                 │
╭ 3   Commit Files ─────────────╮─────────────────────────────────────────────────────────────────╯
│   M README.md                  │ 6  󰌱 Log                                                        │
│    src/                       │  notice=Ready                                                   │
│     A lib.rs                   │                                                                 │
│     R new_name.rs              │                                                                 │
│                                │                                                                 │
╰────────────────────────────────╯                                                                 │
│ 4   Stash                     │                                                                 │
│ stash@{0} WIP on main: local t│                                                                 │
╰────────────────────────────────╯─────────────────────────────────────────────────────────────────╯
 p  pull   P  push   Esc  back
