---
source: libs/ratagit-ui/tests/snapshots.rs
assertion_line: 1164
expression: "render_terminal_text(&state, TerminalSize { width: 100, height: 30, },)"
---
╭ 1  󰈙 Files ────────────────────╮ 5   Details ───────────────────────────────────────────────────╮
│   ? README.md                  │  ### unstaged                                                   │
│    src/                       │  diff --git a/README.md b/README.md                             │
│     M lib.rs                   │  @@ -1 +1 @@                                                    │
│     M main.rs                  │  -old README.md                                                 │
│                                │  +new README.md                                                 │
│                                │                                                                 │
│                                │                                                                 │
│                                │                                                                 │
│                                │                                                                 │
╰────────────────────────────────╯                                                                 │
│ 2   Branches                  │                                                                 │
│ main                          │                                                                 │
│  feature/mvp                   │                                                                 │
│                                │                                                                 │
│                                │                                                                 │
│                                │                                                                 │
│                                │                                                                 │
╰────────────────────────────────╯                                                                 │
│ 3   Commits                   │─────────────────────────────────────────────────────────────────╯
│●  abc1234  RT  init project    │ 6  󰌱 Log                                                        │
│●  def5678  RT  wire commands   │  notice=Ready                                                   │
│                                │                                                                 │
│                                │                                                                 │
│                                │                                                                 │
╰────────────────────────────────╯                                                                 │
│ 4   Stash                     │                                                                 │
│ stash@{0} WIP on main: local t│                                                                 │
╰────────────────────────────────╯─────────────────────────────────────────────────────────────────╯
 p  pull   P  push   space  stage/unstage   d  discard   A  amend   c  commit   s  stash   D  reset
