---
source: libs/ratagit-ui/tests/snapshots.rs
expression: "render_terminal_text(&state, TerminalSize { width: 100, height: 24, },)"
---
╭ 1  󰈙 Files ────────────────────╮ 5   Details ───────────────────────────────────────────────────╮
│   M file-00.txt                │  ### unstaged                                                   │
│   M file-01.txt                │  diff --git a/file-00.txt b/file-00.txt                         │
│   M file-02.txt                │  @@ -1 +1 @@                                                    │
│   M file-03.txt                │  -old file-00.txt                                               │
│   M file-04.txt                │  +new file-00.txt                                               │
│   M file-05.txt                │                                                                 │
│   M file-06.txt                │                                                                 │
│   M file-07.txt                │                                                                 │
│   M file-08.txt                │                                                                 │
│   M file-09.txt                │                                                                 │
│   M file-10.txt                │                                                                 │
│   M file-11.txt                │                                                                 │
╰────────────────────────────────╯                                                                 │
│ 2   Branches                  │                                                                 │
│ main                          │─────────────────────────────────────────────────────────────────╯
╰────────────────────────────────╯ 6  󰌱 Log                                                        │
│ 3   Commits                   │  notice=Ready                                                   │
│●  abc1234  RT  init project    │                                                                 │
╰────────────────────────────────╯                                                                 │
│ 4   Stash                     │                                                                 │
│ stash@{0} WIP on main: local t│                                                                 │
╰────────────────────────────────╯─────────────────────────────────────────────────────────────────╯
 space  stage/unstage   d  discard   c  commit   s  stash   D  reset   enter  expand   p  pull   P
