---
source: libs/ratagit-ui/tests/snapshots.rs
assertion_line: 386
expression: "render_terminal_text(&state, TerminalSize { width: 80, height: 24, },)"
---
┌ [1] 󰈙 Files ────────────┐┌ [5]  Details ────────────────────────────────────┐
│                         ││  details(files): no diff for current selection    │
│                         ││                                                   │
│                         ││                                                   │
│                         ││                                                   │
│                         ││                                                   │
│                         ││                                                   │
│                         ││                                                   │
└─────────────────────────┘│                                                   │
┌ [2]  Branches ─────────┐│                                                   │
│ main                   ││                                                   │
│                         ││                                                   │
│                         ││                                                   │
│                         ││                                                   │
└─────────────────────────┘│                                                   │
┌ [3]  Commits ──────────┐└───────────────────────────────────────────────────┘
│  draft=                 │┌ [6] 󰌱 Log ────────────────────────────────────────┐
│                         ││  notice=Ready                                     │
│                         ││                                                   │
└─────────────────────────┘│                                                   │
┌ [4]  Stash ────────────┐│                                                   │
│                         ││                                                   │
└─────────────────────────┘└───────────────────────────────────────────────────┘
keys(files): space stage/unstage | d discard | c commit | s stash(all|selected)
