---
source: libs/ratagit-ui/tests/snapshots.rs
expression: "render_terminal_text(&state, TerminalSize { width: 100, height: 30, },)"
---
╭ 1  󰈙 Files ────────────────────╮ 5   Details ───────────────────────────────────────────────────╮
│   ? README.md                  │  * commit abc1234                                               │
│    src/                       │  Author: ratagit-tests <ratagit-tests@example.com>              │
│     M lib.rs                   │                                                                 │
│     M main.rs                  │      init project on feature/mvp                                │
│                   ╭ ‼ Confirm ───────────────────────────────────────────────╮                   │
│                   │                                                          │                   │
│                   │                                                          │                   │
│                   │        Delete local and remote branch feature/mvp?       │                   │
│                   │  Remote branch deletion may affect other collaborators.  │                   │
╰───────────────────│                                                          │                   │
╭ 2   Branches ────│      Deletes local branch, then origin/feature/mvp.      │                   │
│ main             │                                                          │                   │
│  feature/mvp      │                                                          │                   │
│                   │ ──────────────────────────────────────────────────────── │                   │
│                   │ Enter delete both  Esc cancel                            │                   │
│                   ╰──────────────────────────────────────────────────────────╯                   │
│                                │                                                                 │
╰────────────────────────────────╯                                                                 │
│ 3   Commits                   │─────────────────────────────────────────────────────────────────╯
│●  abc1234  RT  init project    │ 6  󰌱 Log                                                        │
│●  def5678  RT  wire commands   │  notice=Ready                                                   │
│                                │                                                                 │
│                                │                                                                 │
│                                │                                                                 │
╰────────────────────────────────╯                                                                 │
│ 4   Stash                     │                                                                 │
│ stash@{0} WIP on main: local t│                                                                 │
╰────────────────────────────────╯─────────────────────────────────────────────────────────────────╯
 Enter  confirm   Esc  cancel
