---
source: libs/ratagit-ui/tests/snapshots.rs
expression: "render_terminal_text(&state, TerminalSize { width: 100, height: 30, },)"
---
╭ 1  󰈙 Files ────────────────────╮ 5   Details ───────────────────────────────────────────────────╮
│   ? README.md                  │  ### unstaged                                                   │
│    src/                       │  diff --git a/README.md b/README.md                             │
│     M lib.rs                   │  @@ -1 +1 @@                                                    │
│     M main.rs                  │  -old README.md                                                 │
│                                │  +new README.md                                                 │
│                   ╭ ‼ Confirm ───────────────────────────────────────────────╮                   │
│                   │                                                          │                   │
│                   │                                                          │                   │
│                   │                                                          │                   │
╰───────────────────│                                                          │                   │
│ 2   Branches     │                    Nuke working tree?                    │                   │
│ main             │   This can discard uncommitted work that reflog cannot   │                   │
│  feature/mvp      │                                                          │                   │
│                   │     Runs `git reset --hard HEAD` and `git clean -fd`.    │                   │
│                   │                                                          │                   │
│                   │                                                          │                   │
│                   │                                                          │                   │
╰───────────────────│                                                          │                   │
│ 3   Commits      │                                                          │───────────────────╯
│●  abc1234  RT  ini│ ──────────────────────────────────────────────────────── │                   │
│●  def5678  RT  wir│ Enter nuke  Esc cancel                                   │                   │
│                   ╰──────────────────────────────────────────────────────────╯                   │
│                                │                                                                 │
│                                │                                                                 │
╰────────────────────────────────╯                                                                 │
│ 4   Stash                     │                                                                 │
│ stash@{0} WIP on main: local t│                                                                 │
╰────────────────────────────────╯─────────────────────────────────────────────────────────────────╯
 Enter  confirm   Esc  cancel
