---
source: libs/ratagit-ui/tests/snapshots.rs
assertion_line: 334
expression: "render_terminal_text(&state, TerminalSize { width: 100, height: 30, },)"
---
┌ [1] 󰈙 Files ───────────────────┐┌ [5]  Details ─────────────────────────────────────────────────┐
│    README.md                  ││  details(branches): pending git log --graph implementation     │
│    src/                       ││                                                                │
│      lib.rs                   ││                                                                │
│      main.rs                  ││                                                                │
│                                ││                                                                │
│                                ││                                                                │
│                                ││                                                                │
│             ┌ Delete Branch ───────────────────────────────────────────────────────┐             │
│             │ Target: feature/mvp                                                  │             │
└─────────────│ ┌ Choice ──────────────────────────────────────────────────────────┐ │             │
┌ [2]  Branch│ │  delete local                                                    │ │             │
│ main       │ │  delete remote                                                   │ │             │
│  feature/mvp│ └──────────────────────────────────────────────────────────────────┘ │             │
│             │ Description                                                          │             │
│             │ Delete the selected local branch with `git branch -d`.               │             │
│             │                                                                      │             │
│             │                                                                      │             │
└─────────────│ j/k select  |  Enter delete  |  Esc cancel                           │             │
┌ [3]  Commit└──────────────────────────────────────────────────────────────────────┘─────────────┘
│ abc1234 init project          │┌ [6] 󰌱 Log ─────────────────────────────────────────────────────┐
│ def5678 wire commands         ││  notice=Ready                                                  │
│  draft=                        ││                                                                │
│                                ││                                                                │
│                                ││                                                                │
└────────────────────────────────┘│                                                                │
┌ [4]  Stash ───────────────────┐│                                                                │
│ stash@{0} WIP on main: local t││                                                                │
└────────────────────────────────┘└────────────────────────────────────────────────────────────────┘
delete branch: j/k select | Enter delete | Esc cancel
