---
source: libs/ratagit-ui/tests/snapshots.rs
assertion_line: 1221
expression: "render_terminal_text(&state, TerminalSize { width: 80, height: 24, },)"
---
╭ 1  󰈙 Files ─────────────╮ 5   Details ──────────────────────────────────────╮
│                         │  details(files): no diff for current selection     │
│                         │                                                    │
│                         │                                                    │
│                         │                                                    │
│                         │                                                    │
│                         │                                                    │
│                         │                                                    │
╰─────────────────────────╯                                                    │
│ 2   Branches           │                                                    │
│ main                   │                                                    │
│                         │                                                    │
│                         │                                                    │
│                         │                                                    │
╰─────────────────────────╯                                                    │
│ 3   Commits            │────────────────────────────────────────────────────╯
│                         │ 6  󰌱 Log                                           │
│                         │  notice=Ready                                      │
│                         │                                                    │
╰─────────────────────────╯                                                    │
│ 4   Stash              │                                                    │
│                         │                                                    │
╰─────────────────────────╯────────────────────────────────────────────────────╯
 space  stage/unstage   d  discard   A  amend   c  commit   s  stash   D  reset
