---
source: libs/ratagit-ui/tests/snapshots.rs
assertion_line: 243
expression: "render_terminal_text(&state, TerminalSize { width: 100, height: 30, },)"
---
┌ Files * ───────────────────────┐┌ Details ───────────────────────────────────────────────────────┐
│>   [?] README.md               ││  current=Files                                                 │
│    [-] src/                    ││  file=README.md                                                │
│      [ ] lib.rs                ││  targets=1                                                     │
│      [S] main.rs               ││  staged=no                                                     │
│                                ││  summary=staged: 1, unstaged: 2                                │
│                                ││                                                                │
└────────────────────────────────┘│                                                                │
┌ Branches ──────────────────────┐│                                                                │
│> * main                        ││                                                                │
│    feature/mvp                 ││                                                                │
│                                ││                                                                │
│                                ││                                                                │
│                                ││                                                                │
└────────────────────────────────┘│                                                                │
┌ Commits ───────────────────────┐│                                                                │
│> abc1234 init project          ││                                                                │
│  def5678 wire commands         ││                                                                │
│  draft=                        ││                                                                │
│                                │└────────────────────────────────────────────────────────────────┘
│                                │┌ Log ───────────────────────────────────────────────────────────┐
│                                ││  error=<none>                                                  │
└────────────────────────────────┘│  notice=Ready                                                  │
┌ Stash ─────────────────────────┐│                                                                │
│> stash@{0} WIP on main: local t││                                                                │
│                                ││                                                                │
│                                ││                                                                │
│                                ││                                                                │
└────────────────────────────────┘└────────────────────────────────────────────────────────────────┘
keys(files): space stage/unstage | s stash | v multi | enter expand | / search
