---
source: libs/ratagit-ui/tests/snapshots.rs
assertion_line: 430
expression: "render_terminal_text(&state, TerminalSize { width: 100, height: 30, },)"
---
┌ [1] 󰈙 Files ───────────────────┐┌ [5]  Details ─────────────────────────────────────────────────┐
│    README.md                  ││  * commit abc1234                                              │
│    src/                       ││  Author: ratagit-tests <ratagit-tests@example.com>             │
│      lib.rs                   ││                                                                │
│      main.rs                  ││      init project on feature/mvp                               │
│                                ││                                                                │
│                                ││                                                                │
│                                ││                                                                │
│                                ││                                                                │
│             ┌ Auto Stash ──────────────────────────────────────────────────────────┐             │
└─────────────│ Working tree has uncommitted changes.                                │             │
┌ [2]  Branch│ Auto stash before the operation, then restore the stash afterward?   │             │
│ main       │                                                                      │             │
│  feature/mvp│ Operation                                                            │             │
│             │ checkout feature/mvp                                                 │             │
│             │                                                                      │             │
│             │                                                                      │             │
│             │ Enter auto stash  |  Esc cancel                                      │             │
└─────────────└──────────────────────────────────────────────────────────────────────┘             │
┌ [3]  Commits ─────────────────┐└────────────────────────────────────────────────────────────────┘
│ abc1234 init project          │┌ [6] 󰌱 Log ─────────────────────────────────────────────────────┐
│ def5678 wire commands         ││  notice=Ready                                                  │
│  draft=                        ││                                                                │
│                                ││                                                                │
│                                ││                                                                │
└────────────────────────────────┘│                                                                │
┌ [4]  Stash ───────────────────┐│                                                                │
│ stash@{0} WIP on main: local t││                                                                │
└────────────────────────────────┘└────────────────────────────────────────────────────────────────┘
auto stash: Enter confirm | Esc cancel
