---
source: libs/ratagit-ui/tests/snapshots.rs
expression: "render_terminal_text(&state, TerminalSize { width: 100, height: 30, },)"
---
┌ [1] 󰈙 Files ───────────────────┐┌ [5]  Details ─────────────────────────────────────────────────┐
│    README.md                  ││  current=Files                                                 │
│    src/                       ││  file=README.md                                                │
│      lib.rs                   ││  targets=1                                                     │
│      main.rs                  ││  staged=no                                                     │
│                                ││  summary=staged: 1, unstaged: 2                                │
│                                ││                                                                │
│                                ││                                                                │
│                                ││                                                                │
│                                ││                                                                │
└────────────────────────────────┘│                                                                │
┌ [2]  Branches ────────────────┐│                                                                │
│ main                          ││                                                                │
│  feature/mvp                   ││                                                                │
│                                ││                                                                │
│                                ││                                                                │
│                                ││                                                                │
│                                ││                                                                │
└────────────────────────────────┘│                                                                │
┌ [3]  Commits ─────────────────┐└────────────────────────────────────────────────────────────────┘
│ abc1234 init project          │┌ [6] 󰌱 Log ─────────────────────────────────────────────────────┐
│ def5678 wire commands         ││  notice=Ready                                                  │
│  draft=                        ││                                                                │
│                                ││                                                                │
│                                ││                                                                │
└────────────────────────────────┘│                                                                │
┌ [4]  Stash ───────────────────┐│                                                                │
│ stash@{0} WIP on main: local t││                                                                │
└────────────────────────────────┘└────────────────────────────────────────────────────────────────┘
keys(files): space stage/unstage | s stash | v multi | enter expand | / search
