---
source: libs/ratagit-ui/tests/snapshots.rs
expression: "render_terminal_text(&state, TerminalSize { width: 80, height: 24, },)"
---
┌ 󰈙 Files ────────────────┐┌  Details ────────────────────────────────────────┐
│  <empty>                ││  current=Files                                    │
│                         ││  file=<empty>                                     │
│                         ││  summary=staged: 0, unstaged: 0                   │
│                         ││                                                   │
└─────────────────────────┘│                                                   │
┌  Branches ─────────────┐│                                                   │
│ main                   ││                                                   │
│                         ││                                                   │
│                         ││                                                   │
│                         ││                                                   │
└─────────────────────────┘│                                                   │
┌  Commits ──────────────┐│                                                   │
│  <empty>                ││                                                   │
│  draft=                 ││                                                   │
│                         │└───────────────────────────────────────────────────┘
│                         │┌ 󰌱 Log ────────────────────────────────────────────┐
└─────────────────────────┘│  error=<none>                                     │
┌  Stash ────────────────┐│  notice=Ready                                     │
│  <empty>                ││                                                   │
│                         ││                                                   │
│                         ││                                                   │
└─────────────────────────┘└───────────────────────────────────────────────────┘
keys(files): space stage/unstage | s stash | v multi | enter expand | / search
