---
source: libs/ratagit-ui/tests/snapshots.rs
assertion_line: 270
expression: "render_terminal_text(&state, TerminalSize { width: 100, height: 30, },)"
---
┌ [1] 󰈙 Files ───────────────────┐┌ [5]  Details ─────────────────────────────────────────────────┐
│    README.md                  ││  details(files): loading diff                                  │
│    src/                       ││                                                                │
│      lib.rs                   ││                                                                │
│      main.rs                  ││                                                                │
│                                ││                                                                │
│                                ││                                                                │
│                                ││                                                                │
│                                ││                                                                │
│                                ││                                                                │
└────────────────────────────────┘│                                                                │
┌ [2]  Branches ────────────────┐│                                                                │
│ main                          ││                                                                │
│  feature/mvp                   ││                                                                │
│                                ││                                                                │
│                                ││                                                                │
│                                ││                                                                │
│                                ││                                                                │
└────────────────────────────────┘│                                                                │
┌ [3]  Commits ─────────────────┐└────────────────────────────────────────────────────────────────┘
│●  abc1234  RT  init project    │┌ [6] 󰌱 Log ─────────────────────────────────────────────────────┐
│●  def5678  RT  wire commands   ││  notice=Ready                                                  │
│                                ││                                                                │
│                                ││                                                                │
│                                ││                                                                │
└────────────────────────────────┘│                                                                │
┌ [4]  Stash ───────────────────┐│                                                                │
│ stash@{0} WIP on main: local t││                                                                │
└────────────────────────────────┘└────────────────────────────────────────────────────────────────┘
keys(files): space stage/unstage | d discard | c commit | s stash(all|selected) | D reset | v multi
