---
source: libs/ratagit-ui/tests/snapshots.rs
expression: "render_terminal_text(&state, TerminalSize { width: 100, height: 30, },)"
---
┌ [1] 󰈙 Files ───────────────────┐┌ [5]  Details ─────────────────────────────────────────────────┐
│    README.md                  ││  diff --git a/src/lib.rs b/src/lib.rs                          │
│    src/                       ││  @@ -1 +1 @@                                                   │
│      lib.rs                   ││  -old src/lib.rs                                               │
│      main.rs                  ││  +new src/lib.rs                                               │
│                                ││  diff --git a/src/old_name.rs b/src/new_name.rs                │
│                                ││  @@ -1 +1 @@                                                   │
│                                ││  -old src/old_name.rs                                          │
│                                ││  +new src/new_name.rs                                          │
│                                ││                                                                │
└────────────────────────────────┘│                                                                │
┌ [2]  Branches ────────────────┐│                                                                │
│ main                          ││                                                                │
│  feature/mvp                   ││                                                                │
│                                ││                                                                │
│                                ││                                                                │
│                                ││                                                                │
│                                ││                                                                │
└────────────────────────────────┘│                                                                │
┌ [3]  Commit Files ────────────┐└────────────────────────────────────────────────────────────────┘
│   M README.md                  │┌ [6] 󰌱 Log ─────────────────────────────────────────────────────┐
│    src/                       ││  notice=Ready                                                  │
│     A lib.rs                   ││                                                                │
│     R new_name.rs              ││                                                                │
│                                ││                                                                │
└────────────────────────────────┘│                                                                │
┌ [4]  Stash ───────────────────┐│                                                                │
│ stash@{0} WIP on main: local t││                                                                │
└────────────────────────────────┘└────────────────────────────────────────────────────────────────┘
keys(commit files): Esc back
