---
source: libs/ratagit-ui/tests/snapshots.rs
expression: "render_terminal_text(&state, TerminalSize { width: 120, height: 40, },)"
---
┌ [1] 󰈙 Files ──────────────────────────┐┌ [5]  Details ──────────────────────────────────────────────────────────────┐
│    Cargo.toml (both modified)        ││  current=Files                                                              │
│    src/                              ││  file=Cargo.toml (both modified)                                            │
│      conflict.rs (both modified)     ││  targets=1                                                                  │
│                                       ││  staged=no                                                                  │
│                                       ││  summary=staged: 0, unstaged: 2 (conflict)                                  │
│                                       ││                                                                             │
│                                       ││                                                                             │
│                                       ││                                                                             │
│                                       ││                                                                             │
│                                       ││                                                                             │
│                                       ││                                                                             │
│                                       ││                                                                             │
│                                       ││                                                                             │
│                                       ││                                                                             │
└───────────────────────────────────────┘│                                                                             │
┌ [2]  Branches ───────────────────────┐│                                                                             │
│ main                                 ││                                                                             │
│  feature/mvp                          ││                                                                             │
│                                       ││                                                                             │
│                                       ││                                                                             │
│                                       ││                                                                             │
│                                       ││                                                                             │
│                                       ││                                                                             │
│                                       ││                                                                             │
└───────────────────────────────────────┘│                                                                             │
┌ [3]  Commits ────────────────────────┐└─────────────────────────────────────────────────────────────────────────────┘
│ abc1234 init project                 │┌ [6] 󰌱 Log ──────────────────────────────────────────────────────────────────┐
│ def5678 wire commands                ││  notice=Ready                                                               │
│  draft=                               ││                                                                             │
│                                       ││                                                                             │
│                                       ││                                                                             │
│                                       ││                                                                             │
│                                       ││                                                                             │
│                                       ││                                                                             │
└───────────────────────────────────────┘│                                                                             │
┌ [4]  Stash ──────────────────────────┐│                                                                             │
│ stash@{0} WIP on main: local test    ││                                                                             │
└───────────────────────────────────────┘└─────────────────────────────────────────────────────────────────────────────┘
keys(files): space stage/unstage | s stash | v multi | enter expand | / search
